#
# There is insufficient memory for the Java Runtime Environment to continue.
# Native memory allocation (mmap) failed to map 130023424 bytes. Error detail: G1 virtual space
# Possible reasons:
#   The system is out of physical RAM or swap space
#   This process is running with CompressedOops enabled, and the Java Heap may be blocking the growth of the native heap
# Possible solutions:
#   Reduce memory load on the system
#   Increase physical memory or swap space
#   Check if swap backing store is full
#   Decrease Java heap size (-Xmx/-Xms)
#   Decrease number of Java threads
#   Decrease Java thread stack sizes (-Xss)
#   Set larger code cache with -XX:ReservedCodeCacheSize=
#   JVM is running with Unscaled Compressed Oops mode in which the Java heap is
#     placed in the first 4GB address space. The Java Heap base address is the
#     maximum limit for the native heap growth. Please use -XX:HeapBaseMinAddress
#     to set the Java Heap base and to place the Java Heap above 4GB virtual address.
# This output file may be truncated or incomplete.
#
#  Out of Memory Error (os_windows.cpp:3554), pid=121868, tid=18476
#
# JRE version:  (25.0.1+8) (build )
# Java VM: OpenJDK 64-Bit Server VM (25.0.1+8-27, mixed mode, sharing, tiered, compressed oops, compressed class ptrs, g1 gc, windows-amd64)
# No core dump will be written. Minidumps are not enabled by default on client versions of Windows
#

---------------  S U M M A R Y ------------

Command Line: -Xmx1536m --enable-native-access=javafx.graphics --module-path=C:\javafx-sdk-21\javafx-sdk-21\lib --add-modules=javafx.controls,javafx.fxml -Dfile.encoding=UTF-8 -Dstdout.encoding=UTF-8 -Dstderr.encoding=UTF-8 -XX:+ShowCodeDetailsInExceptionMessages model.Main

Host: Intel(R) Core(TM) i5-14500, 20 cores, 7G,  Windows 11 , 64 bit Build 26100 (10.0.26100.5074)
Time: Thu May  7 21:19:29 2026 South Africa Standard Time elapsed time: 2.019265 seconds (0d 0h 0m 2s)

---------------  T H R E A D  ---------------

Current thread (0x000001e9d72fbb30):  JavaThread "Unknown thread" [_thread_in_vm, id=18476, stack(0x0000001a0ea00000,0x0000001a0eb00000) (1024K)]

Stack: [0x0000001a0ea00000,0x0000001a0eb00000]
Native frames: (J=compiled Java code, j=interpreted, Vv=VM code, C=native code)
V  [jvm.dll+0x7a6b59]  (no source info available)
V  [jvm.dll+0x77290d]  (no source info available)
V  [jvm.dll+0x966153]  (no source info available)
V  [jvm.dll+0x968751]  (no source info available)
V  [jvm.dll+0x968e53]  (no source info available)
V  [jvm.dll+0x2fc756]  (no source info available)
V  [jvm.dll+0x7a2d85]  (no source info available)
V  [jvm.dll+0x796197]  (no source info available)
V  [jvm.dll+0x3f4698]  (no source info available)
V  [jvm.dll+0x3fc5b6]  (no source info available)
V  [jvm.dll+0x3e8c8e]  (no source info available)
V  [jvm.dll+0x3e8f48]  (no source info available)
V  [jvm.dll+0x3c0045]  (no source info available)
V  [jvm.dll+0x3c0cce]  (no source info available)
V  [jvm.dll+0x92c837]  (no source info available)
V  [jvm.dll+0x458bc2]  (no source info available)
V  [jvm.dll+0x9101e2]  (no source info available)
V  [jvm.dll+0x4f9061]  (no source info available)
V  [jvm.dll+0x4fa8f1]  (no source info available)
C  [jli.dll+0x543e]  (no source info available)
C  [ucrtbase.dll+0x37b0]  (no source info available)
C  [KERNEL32.DLL+0x2e8d7]  (no source info available)
C  [ntdll.dll+0x8d9c]  (no source info available)

Lock stack of current Java thread (top to bottom):


---------------  P R O C E S S  ---------------

Threads class SMR info:
_java_thread_list=0x00007ffb7f335308, length=0, elements={
}

Java Threads: ( => current thread )
Total: 0

Other Threads:
  0x000001e9d98a6300 WorkerThread "GC Thread#0"                     [id=122072, stack(0x0000001a0eb00000,0x0000001a0ec00000) (1024K)]
  0x000001e9d98d8640 ConcurrentGCThread "G1 Main Marker"            [id=124672, stack(0x0000001a0ec00000,0x0000001a0ed00000) (1024K)]
  0x000001e9d98d91e0 WorkerThread "G1 Conc#0"                       [id=120848, stack(0x0000001a0ed00000,0x0000001a0ee00000) (1024K)]

[error occurred during error reporting (printing all threads), id 0xc0000005, EXCEPTION_ACCESS_VIOLATION (0xc0000005) at pc=0x00007ffb7ea14c2a]
VM state: not at safepoint (not fully initialized)

VM Mutex/Monitor currently owned by a thread:  ([mutex/lock_event])
[0x00007ffb7f3b9668] Heap_lock - owner thread: 0x000001e9d72fbb30

Heap address: 0x00000000a0000000, size: 1536 MB, Compressed Oops mode: 32-bit

CDS archive(s) mapped at: [0x0000000000000000-0x0000000000000000-0x0000000000000000), size 0, SharedBaseAddress: 0x0000000800000000, ArchiveRelocationMode: 1.
UseCompressedClassPointers 1, UseCompactObjectHeaders 0
Narrow klass pointer bits 32, Max shift 3
Narrow klass base: 0xffffffffffffffff, Narrow klass shift: -1
Encoding Range: [0xffffffffffffffff - 0x000000007fffffff), (2147483648 bytes)
Klass Range:    [0x0000000000000000 - 0x0000000000000000), (0 bytes)
Klass ID Range:  [4294967295 - 0) (1)
No protection zone.

GC Precious Log:
 CardTable entry size: 512
 Card Set container configuration: InlinePtr #cards 5 size 8 Array Of Cards #cards 10 size 36 Howl #buckets 4 coarsen threshold 1843 Howl Bitmap #cards 512 size 80 coarsen threshold 460 Card regions per heap region 1 cards per card region 2048

Heap:
 garbage-first heap   total reserved 1572864K, committed 0K, used 0K [0x00000000a0000000, 0x0000000100000000)
  region size 1024K, 0 young (0K), 0 survivors (0K)

Heap Regions: E=young(eden), S=young(survivor), O=old, HS=humongous(starts), HC=humongous(continues), CS=collection set, F=free, TAMS=top-at-mark-start, PB=parsable bottom

Card table byte_map: [0x000001e9f1e90000,0x000001e9f2190000] _byte_map_base: 0x000001e9f1990000

Marking Bits: (CMBitMap*) 0x000001e9d98a6a90
 Bits: [0x000001e9f2190000, 0x000001e9f3990000)

GC Heap Usage History (0 events):
No events

Metaspace Usage History (0 events):
No events

Dll operation events (1 events):
Event: 0.009 Loaded shared library C:\jdk-25\bin\java.dll

Deoptimization events (0 events):
No events

Classes loaded (0 events):
No events

Classes unloaded (0 events):
No events

Classes redefined (0 events):
No events

Internal exceptions (0 events):
No events

VM Operations (0 events):
No events

Memory protections (0 events):
No events

Nmethod flushes (0 events):
No events

Events (0 events):
No events


Dynamic libraries:
0x00007ff7eca00000 - 0x00007ff7eca0e000 	C:\jdk-25\bin\javaw.exe
0x00007ffbf6740000 - 0x00007ffbf69a9000 	C:\WINDOWS\SYSTEM32\ntdll.dll
0x00007ffbf51c0000 - 0x00007ffbf5289000 	C:\WINDOWS\System32\KERNEL32.DLL
0x00007ffbf38d0000 - 0x00007ffbf3cc3000 	C:\WINDOWS\System32\KERNELBASE.dll
0x000000006a750000 - 0x000000006a7ee000 	C:\ProgramData\Symantec\Symantec Endpoint Protection\14.3.9681.7000.105\Data\Sysfer\x64\sysfer.dll
0x00007ffbf3cd0000 - 0x00007ffbf3e1b000 	C:\WINDOWS\System32\ucrtbase.dll
0x00007ffbd0550000 - 0x00007ffbd0567000 	C:\jdk-25\bin\jli.dll
0x00007ffbf47d0000 - 0x00007ffbf4994000 	C:\WINDOWS\System32\USER32.dll
0x00007ffbca280000 - 0x00007ffbca29e000 	C:\jdk-25\bin\VCRUNTIME140.dll
0x00007ffbf4440000 - 0x00007ffbf4467000 	C:\WINDOWS\System32\win32u.dll
0x00007ffbf5aa0000 - 0x00007ffbf5acb000 	C:\WINDOWS\System32\GDI32.dll
0x00007ffbf4060000 - 0x00007ffbf418d000 	C:\WINDOWS\System32\gdi32full.dll
0x00007ffbf4190000 - 0x00007ffbf4233000 	C:\WINDOWS\System32\msvcp_win.dll
0x00007ffbd6750000 - 0x00007ffbd69e3000 	C:\WINDOWS\WinSxS\amd64_microsoft.windows.common-controls_6595b64144ccf1df_6.0.26100.5074_none_3e0d6f78e32fd63f\COMCTL32.dll
0x00007ffbf49b0000 - 0x00007ffbf4a59000 	C:\WINDOWS\System32\msvcrt.dll
0x00007ffbf5b60000 - 0x00007ffbf5b8f000 	C:\WINDOWS\System32\IMM32.DLL
0x00007ffbca2b0000 - 0x00007ffbca2bc000 	C:\jdk-25\bin\vcruntime140_1.dll
0x00007ffbb1390000 - 0x00007ffbb141d000 	C:\jdk-25\bin\msvcp140.dll
0x00007ffb7e640000 - 0x00007ffb7f49f000 	C:\jdk-25\bin\server\jvm.dll
0x00007ffbf5090000 - 0x00007ffbf5144000 	C:\WINDOWS\System32\ADVAPI32.dll
0x00007ffbf4ee0000 - 0x00007ffbf4f86000 	C:\WINDOWS\System32\sechost.dll
0x00007ffbf5e10000 - 0x00007ffbf5f28000 	C:\WINDOWS\System32\RPCRT4.dll
0x00007ffbf4a60000 - 0x00007ffbf4ad4000 	C:\WINDOWS\System32\WS2_32.dll
0x00007ffbf3730000 - 0x00007ffbf378e000 	C:\WINDOWS\SYSTEM32\POWRPROF.dll
0x00007ffbe9250000 - 0x00007ffbe9285000 	C:\WINDOWS\SYSTEM32\WINMM.dll
0x00007ffbdd590000 - 0x00007ffbdd59b000 	C:\WINDOWS\SYSTEM32\VERSION.dll
0x00007ffbf3660000 - 0x00007ffbf3674000 	C:\WINDOWS\SYSTEM32\UMPDC.dll
0x00007ffbf2670000 - 0x00007ffbf268b000 	C:\WINDOWS\SYSTEM32\kernel.appcore.dll
0x00007ffbc9f70000 - 0x00007ffbc9f7a000 	C:\jdk-25\bin\jimage.dll
0x00007ffbf0d40000 - 0x00007ffbf0f82000 	C:\WINDOWS\SYSTEM32\DBGHELP.DLL
0x00007ffbf5290000 - 0x00007ffbf560b000 	C:\WINDOWS\System32\combase.dll
0x00007ffbf46f0000 - 0x00007ffbf47c7000 	C:\WINDOWS\System32\OLEAUT32.dll
0x00007ffbc9db0000 - 0x00007ffbc9ded000 	C:\WINDOWS\SYSTEM32\dbgcore.DLL
0x00007ffbf4470000 - 0x00007ffbf4509000 	C:\WINDOWS\System32\bcryptPrimitives.dll
0x00007ffbb5830000 - 0x00007ffbb584f000 	C:\jdk-25\bin\java.dll
0x00007ffbf4d40000 - 0x00007ffbf4ed8000 	C:\WINDOWS\System32\ole32.dll
0x00007ffbf5fb0000 - 0x00007ffbf66fd000 	C:\WINDOWS\System32\SHELL32.dll
0x00007ffbf42d0000 - 0x00007ffbf443c000 	C:\WINDOWS\System32\wintypes.dll

JVMTI agents: none

dbghelp: loaded successfully - version: 4.0.5 - missing functions: none
symbol engine: initialized successfully - sym options: 0x614 - pdb path: .;C:\jdk-25\bin;C:\WINDOWS\SYSTEM32;C:\ProgramData\Symantec\Symantec Endpoint Protection\14.3.9681.7000.105\Data\Sysfer\x64;C:\WINDOWS\WinSxS\amd64_microsoft.windows.common-controls_6595b64144ccf1df_6.0.26100.5074_none_3e0d6f78e32fd63f;C:\jdk-25\bin\server

VM Arguments:
jvm_args: -Xmx1536m --enable-native-access=javafx.graphics --module-path=C:\javafx-sdk-21\javafx-sdk-21\lib --add-modules=javafx.controls,javafx.fxml -Dfile.encoding=UTF-8 -Dstdout.encoding=UTF-8 -Dstderr.encoding=UTF-8 -XX:+ShowCodeDetailsInExceptionMessages 
java_command: model.Main
java_class_path (initial): C:\Users\General\Downloads\Airway_Analysis\Airway_Analysis\bin;C:\Users\General\Downloads\Airway_Analysis\Airway_Analysis\lib\niftijio.jar;C:\javafx-sdk-21\javafx-sdk-21\lib\javafx.base.jar;C:\javafx-sdk-21\javafx-sdk-21\lib\javafx.controls.jar;C:\javafx-sdk-21\javafx-sdk-21\lib\javafx.fxml.jar;C:\javafx-sdk-21\javafx-sdk-21\lib\javafx.graphics.jar;C:\javafx-sdk-21\javafx-sdk-21\lib\javafx.media.jar;C:\javafx-sdk-21\javafx-sdk-21\lib\javafx.swing.jar;C:\javafx-sdk-21\javafx-sdk-21\lib\javafx.web.jar;C:\javafx-sdk-21\javafx-sdk-21\lib\javafx-swt.jar
Launcher Type: SUN_STANDARD

[Global flags]
     intx CICompilerCount                          = 12                                        {product} {ergonomic}
     uint ConcGCThreads                            = 4                                         {product} {ergonomic}
     uint G1ConcRefinementThreads                  = 15                                        {product} {ergonomic}
   size_t G1HeapRegionSize                         = 1048576                                   {product} {ergonomic}
   size_t InitialHeapSize                          = 130023424                                 {product} {ergonomic}
   size_t MarkStackSize                            = 4194304                                   {product} {ergonomic}
   size_t MarkStackSizeMax                         = 536870912                                 {product} {ergonomic}
   size_t MaxHeapSize                              = 1610612736                                {product} {command line}
   size_t MinHeapDeltaBytes                        = 1048576                                   {product} {ergonomic}
   size_t MinHeapSize                              = 8388608                                   {product} {ergonomic}
    uintx NonNMethodCodeHeapSize                   = 7602176                                {pd product} {ergonomic}
    uintx NonProfiledCodeHeapSize                  = 122093568                              {pd product} {ergonomic}
    uintx ProfiledCodeHeapSize                     = 121962496                              {pd product} {ergonomic}
    uintx ReservedCodeCacheSize                    = 251658240                              {pd product} {ergonomic}
     bool SegmentedCodeCache                       = true                                      {product} {ergonomic}
     bool ShowCodeDetailsInExceptionMessages       = true                                   {manageable} {command line}
   size_t SoftMaxHeapSize                          = 1610612736                             {manageable} {ergonomic}
     bool UseCompressedOops                        = true                           {product lp64_product} {ergonomic}
     bool UseG1GC                                  = true                                      {product} {ergonomic}
     bool UseLargePagesIndividualAllocation        = false                                  {pd product} {ergonomic}

Logging:
Log output configuration:
 #0: stdout all=warning uptime,level,tags foldmultilines=false
 #1: stderr all=off uptime,level,tags foldmultilines=false

Release file:
<release file has not been read>
Environment Variables:
PATH=C:\WINDOWS\system32;C:\WINDOWS;C:\WINDOWS\System32\Wbem;C:\WINDOWS\System32\WindowsPowerShell\v1.0\;C:\WINDOWS\System32\OpenSSH\;C:\Program Files (x86)\Microsoft SQL Server\160\Tools\Binn\;C:\Program Files\Microsoft SQL Server\160\Tools\Binn\;C:\Program Files\Microsoft SQL Server\Client SDK\ODBC\170\Tools\Binn\;C:\Program Files\Microsoft SQL Server\160\DTS\Binn\;C:\Program Files (x86)\Microsoft SQL Server\160\DTS\Binn\;C:\Program Files\Azure Data Studio\bin;C:\Program Files\Microsoft SQL Server\130\Tools\Binn\;C:\Program Files (x86)\Windows Kits\10\Windows Performance Toolkit\;C:\Program Files (x86)\Windows Kits\10\Microsoft Application Virtualization\Sequencer\;C:\Users\General\AppData\Local\Microsoft\WindowsApps;
USERNAME=General
OS=Windows_NT
PROCESSOR_IDENTIFIER=Intel64 Family 6 Model 191 Stepping 2, GenuineIntel
TMP=C:\Users\General\AppData\Local\Temp
TEMP=C:\Users\General\AppData\Local\Temp




Compilation memory statistics disabled.

Periodic native trim disabled

---------------  S Y S T E M  ---------------

OS:
 Windows 11 , 64 bit Build 26100 (10.0.26100.5074)
OS uptime: 1 days 8:52 hours
Hyper-V role detected

CPU: total 20 (initial active 20) (10 cores per cpu, 2 threads per core) family 6 model 191 stepping 2 microcode 0x3a, cx8, cmov, fxsr, ht, mmx, 3dnowpref, sse, sse2, sse3, ssse3, sse4.1, sse4.2, popcnt, lzcnt, tsc, tscinvbit, avx, avx2, aes, erms, clmul, bmi1, bmi2, adx, sha, fma, vzeroupper, clflush, clflushopt, clwb, hv, serialize, rdtscp, rdpid, fsrm, gfni, f16c, cet_ibt, cet_ss
Processor Information for the first 20 processors :
  Max Mhz: 2600, Current Mhz: 2600, Mhz Limit: 2600

Memory: 4k page, system-wide physical 7878M (683M free)
TotalPageFile size 16070M (AvailPageFile size 97M)
current process WorkingSet (physical memory assigned to process): 14M, peak: 14M
current process commit charge ("private bytes"): 75M, peak: 199M

vm_info: OpenJDK 64-Bit Server VM (25.0.1+8-27) for windows-amd64 JRE (25.0.1+8-27), built on 2025-09-25T16:41:16Z with unknown MS VC++:1943

END.
